[scan] found 1 markdown files across 1 workspace(s):
  [scan] [bom-test] C:\Users\admin\AppData\Local\Temp\import-markdown-test-1777792776827\workspace\bom-test\MEMORY.md
[scan] reading: C:\Users\admin\AppData\Local\Temp\import-markdown-test-1777792776827\workspace\bom-test\MEMORY.md
[import] parsed 2 entries from 1 file(s)
[import] dedup check: disabled
[import] 2 entries need embedding (0 dedup hits)
[import] stored batch 1 (2 entries, total: 2)

Memory Import Status:
??Files found: 1
??Entries processed: 2
??Imported: 2
??Embed batches: 1
??bulkStore calls: 1
??Elapsed: 0ms
??import-markdown CLI
  ??BOM handling
    ??strips UTF-8 BOM from file content (7.0657ms)
  ??BOM handling (7.4443ms)
[scan] found 1 markdown files across 1 workspace(s):
  [scan] [crlf-test] C:\Users\admin\AppData\Local\Temp\import-markdown-test-1777792776827\workspace\crlf-test\MEMORY.md
[scan] reading: C:\Users\admin\AppData\Local\Temp\import-markdown-test-1777792776827\workspace\crlf-test\MEMORY.md
[import] parsed 2 entries from 1 file(s)
[import] dedup check: disabled
[import] 2 entries need embedding (0 dedup hits)
[import] stored batch 1 (2 entries, total: 2)

Memory Import Status:
??Files found: 1
??Entries processed: 2
??Imported: 2
??Embed batches: 1
??bulkStore calls: 1
??Elapsed: 0ms
  ??CRLF normalization
    ??handles Windows CRLF line endings (2.3176ms)
  ??CRLF normalization (2.4696ms)
[scan] found 1 markdown files across 1 workspace(s):
  [scan] [bullet-formats] C:\Users\admin\AppData\Local\Temp\import-markdown-test-1777792776827\workspace\bullet-formats\MEMORY.md
[scan] reading: C:\Users\admin\AppData\Local\Temp\import-markdown-test-1777792776827\workspace\bullet-formats\MEMORY.md
[import] parsed 3 entries from 1 file(s)
[import] dedup check: disabled
[import] 3 entries need embedding (0 dedup hits)
[import] stored batch 1 (3 entries, total: 3)

Memory Import Status:
??Files found: 1
??Entries processed: 3
??Imported: 3
??Embed batches: 1
??bulkStore calls: 1
??Elapsed: 1ms
  ??Bullet format support
    ??imports dash, star, and plus bullet formats (1.8842ms)
  ??Bullet format support (2.0057ms)
[scan] found 1 markdown files across 1 workspace(s):
  [scan] [min-len-test] C:\Users\admin\AppData\Local\Temp\import-markdown-test-1777792776827\workspace\min-len-test\MEMORY.md
[scan] reading: C:\Users\admin\AppData\Local\Temp\import-markdown-test-1777792776827\workspace\min-len-test\MEMORY.md
[import] parsed 1 entries from 1 file(s)
[import] dedup check: disabled
[import] 1 entries need embedding (0 dedup hits)
[import] stored batch 1 (1 entries, total: 1)

Memory Import Status:
??Files found: 1
??Entries processed: 4
??Imported: 1
??Skipped (too short): 3
??Embed batches: 1
??bulkStore calls: 1
??Elapsed: 0ms
  ??minTextLength option
    ??skips lines shorter than minTextLength (3.1515ms)
  ??minTextLength option (3.2631ms)
[scan] found 1 markdown files across 1 workspace(s):
  [scan] [importance-test] C:\Users\admin\AppData\Local\Temp\import-markdown-test-1777792776827\workspace\importance-test\MEMORY.md
[scan] reading: C:\Users\admin\AppData\Local\Temp\import-markdown-test-1777792776827\workspace\importance-test\MEMORY.md
[import] parsed 1 entries from 1 file(s)
[import] dedup check: disabled
[import] 1 entries need embedding (0 dedup hits)
[import] stored batch 1 (1 entries, total: 1)

Memory Import Status:
??Files found: 1
??Entries processed: 1
??Imported: 1
??Embed batches: 1
??bulkStore calls: 1
??Elapsed: 1ms
  ??importance option
    ??uses custom importance value (20.527ms)
  ??importance option (20.6645ms)
[scan] found 1 markdown files across 1 workspace(s):
  [scan] [dedup-test] C:\Users\admin\AppData\Local\Temp\import-markdown-test-1777792776827\workspace\dedup-test\MEMORY.md
[scan] reading: C:\Users\admin\AppData\Local\Temp\import-markdown-test-1777792776827\workspace\dedup-test\MEMORY.md
[import] parsed 1 entries from 1 file(s)
[import] dedup check: disabled
[import] 1 entries need embedding (0 dedup hits)
[import] stored batch 1 (1 entries, total: 1)

Memory Import Status:
??Files found: 1
??Entries processed: 1
??Imported: 1
??Embed batches: 1
??bulkStore calls: 1
??Elapsed: 0ms
[scan] found 1 markdown files across 1 workspace(s):
  [scan] [dedup-test] C:\Users\admin\AppData\Local\Temp\import-markdown-test-1777792776827\workspace\dedup-test\MEMORY.md
[scan] reading: C:\Users\admin\AppData\Local\Temp\import-markdown-test-1777792776827\workspace\dedup-test\MEMORY.md
[import] parsed 1 entries from 1 file(s)
[import] dedup check: enabled
  [skip] dedup [dedup-test]: Duplicate content line
[import] 0 entries need embedding (1 dedup hits)

Memory Import Status:
  Files found: 1
  Entries processed: 1
  Imported: 0
  Skipped (dedup): 1
  ??dedup logic
    ??skips already-imported entries in same scope when dedup is enabled (5.5381ms)
[scan] found 1 markdown files across 1 workspace(s):
  [scan] [dedup-scope-test] C:\Users\admin\AppData\Local\Temp\import-markdown-test-1777792776827\workspace\dedup-scope-test\MEMORY.md
[scan] reading: C:\Users\admin\AppData\Local\Temp\import-markdown-test-1777792776827\workspace\dedup-scope-test\MEMORY.md
[import] parsed 1 entries from 1 file(s)
[import] dedup check: disabled
[import] 1 entries need embedding (0 dedup hits)
[import] stored batch 1 (1 entries, total: 1)

Memory Import Status:
??Files found: 1
??Entries processed: 1
??Imported: 1
??Embed batches: 1
??bulkStore calls: 1
??Elapsed: 0ms
[scan] found 1 markdown files across 1 workspace(s):
  [scan] [dedup-scope-test] C:\Users\admin\AppData\Local\Temp\import-markdown-test-1777792776827\workspace\dedup-scope-test\MEMORY.md
[scan] reading: C:\Users\admin\AppData\Local\Temp\import-markdown-test-1777792776827\workspace\dedup-scope-test\MEMORY.md
[import] parsed 1 entries from 1 file(s)
[import] dedup check: enabled
[import] 1 entries need embedding (0 dedup hits)
[import] stored batch 1 (1 entries, total: 1)

Memory Import Status:
??Files found: 1
??Entries processed: 1
??Imported: 1
??Embed batches: 1
??bulkStore calls: 1
??Elapsed: 0ms
    ??imports same text into different scope even with dedup enabled (2.5972ms)
  ??dedup logic (8.3032ms)
[scan] found 1 markdown files across 1 workspace(s):
  [scan] [dedup-err-test] C:\Users\admin\AppData\Local\Temp\import-markdown-test-1777792776827\workspace\dedup-err-test\MEMORY.md
[scan] reading: C:\Users\admin\AppData\Local\Temp\import-markdown-test-1777792776827\workspace\dedup-err-test\MEMORY.md
[import] parsed 1 entries from 1 file(s)
[import] dedup check: enabled
  [dedup] check failed: Error: ENOTFOUND: Service unavailable
  [skip] dedup-err [dedup-err-test]: Entry that will trigger dedup error
[import] 0 entries need embedding (0 dedup hits)

Memory Import Status:
  Files found: 1
  Entries processed: 1
  Imported: 0
  Errors: 1
  ??Phase 2a dedup error handling (Option A)
    ??skips entry when retrieve() throws (fail-safe) and increments errorCount (2.5166ms)
[scan] found 1 markdown files across 1 workspace(s):
  [scan] [dedup-err-no-hit-test] C:\Users\admin\AppData\Local\Temp\import-markdown-test-1777792776827\workspace\dedup-err-no-hit-test\MEMORY.md
[scan] reading: C:\Users\admin\AppData\Local\Temp\import-markdown-test-1777792776827\workspace\dedup-err-no-hit-test\MEMORY.md
  [dedup] check failed: Error: ETIMEDOUT connection refused
[import] parsed 1 entries from 1 file(s)
[import] dedup check: enabled
  [skip] dedup-err [dedup-err-no-hit-test]: Another error-triggering entry
[import] 0 entries need embedding (0 dedup hits)

Memory Import Status:
  Files found: 1
  Entries processed: 1
  Imported: 0
  Errors: 1
    ??does NOT count retrieve() error as dedup hit (skippedDedup stays 0) (2.0299ms)
[scan] found 1 markdown files across 1 workspace(s):
  [scan] [dedup-hit-normal] C:\Users\admin\AppData\Local\Temp\import-markdown-test-1777792776827\workspace\dedup-hit-normal\MEMORY.md
[scan] reading: C:\Users\admin\AppData\Local\Temp\import-markdown-test-1777792776827\workspace\dedup-hit-normal\MEMORY.md
[import] parsed 1 entries from 1 file(s)
[import] dedup check: enabled
  [skip] dedup [dedup-hit-normal]: Duplicate target line
[import] 0 entries need embedding (1 dedup hits)

Memory Import Status:
  Files found: 1
  Entries processed: 1
  Imported: 0
  Skipped (dedup): 1
    ??normal dedup hit still works (dedup hit ??skip + skippedDedup++) (2.0747ms)
[scan] found 1 markdown files across 1 workspace(s):
  [scan] [dedup-no-hit-normal] C:\Users\admin\AppData\Local\Temp\import-markdown-test-1777792776827\workspace\dedup-no-hit-normal\MEMORY.md
[scan] reading: C:\Users\admin\AppData\Local\Temp\import-markdown-test-1777792776827\workspace\dedup-no-hit-normal\MEMORY.md
[import] parsed 1 entries from 1 file(s)
[import] dedup check: enabled
[import] 1 entries need embedding (0 dedup hits)
[import] stored batch 1 (1 entries, total: 1)

Memory Import Status:
??Files found: 1
??Entries processed: 1
??Imported: 1
??Embed batches: 1
??bulkStore calls: 1
??Elapsed: 0ms
    ??normal no-hit still works (no hit ??proceed to import) (1.559ms)
  ??Phase 2a dedup error handling (Option A) (8.4035ms)
[scan] found 1 markdown files across 1 workspace(s):
  [scan] [dryrun-test] C:\Users\admin\AppData\Local\Temp\import-markdown-test-1777792776827\workspace\dryrun-test\MEMORY.md
[scan] reading: C:\Users\admin\AppData\Local\Temp\import-markdown-test-1777792776827\workspace\dryrun-test\MEMORY.md
[import] parsed 1 entries from 1 file(s)
[import] dedup check: disabled
  [dry-run] would import: Dry run test line

DRY RUN ??found 1 files, 1 entries would be imported, 0 skipped [dedup enabled]
??Files found: 1
??Entries processed: 1
??Imported: 1
??Elapsed: 0ms
[DRY-RUN] No entries were actually imported.
  ??dry-run mode
    ??does not write to store in dry-run mode (1.5643ms)
[scan] found 1 markdown files across 1 workspace(s):
  [scan] [dryrun-dedup-test] C:\Users\admin\AppData\Local\Temp\import-markdown-test-1777792776827\workspace\dryrun-dedup-test\MEMORY.md
[scan] reading: C:\Users\admin\AppData\Local\Temp\import-markdown-test-1777792776827\workspace\dryrun-dedup-test\MEMORY.md
[import] parsed 2 entries from 1 file(s)
[import] dedup check: enabled
  [skip] dedup [dryrun-dedup-test]: Duplicate entry
  [dry-run] would import: New entry
  [dry-run] would skip [dedup]: Duplicate entry

DRY RUN ??found 1 files, 1 entries would be imported, 1 skipped [dedup enabled]
??Files found: 1
??Entries processed: 2
??Imported: 1
??Skipped (dedup): 1
??Elapsed: 0ms
[DRY-RUN] No entries were actually imported.
    ??dry-run with dedup shows correct skip count (P2 fix) (1.4931ms)
  ??dry-run mode (3.1523ms)
[scan] found 1 markdown files across 1 workspace(s):
  [scan] [p1-error-test] C:\Users\admin\AppData\Local\Temp\import-markdown-test-1777792776827\workspace\p1-error-test\MEMORY.md
[scan] reading: C:\Users\admin\AppData\Local\Temp\import-markdown-test-1777792776827\workspace\p1-error-test\MEMORY.md
[import] parsed 3 entries from 1 file(s)
[import] dedup check: disabled
[import] 3 entries need embedding (0 dedup hits)
[import] embedded batch 1/3 (1 entries)
[import] stored batch 1 (1 entries, total: 1)
[import] embedded batch 2/3 (1 entries)
[import] bulkStore failed (Error: Simulated bulkStore failure), 1 entries not stored ??restoring for retry
[import] stored batch 2 (1 entries, total: 2)
[import] stored batch 3 (1 entries, total: 3)

Memory Import Status:
??Files found: 1
??Entries processed: 3
??Imported: 3
??Errors: 1
??Embed batches: 3
??bulkStore calls: 3
??Elapsed: 1ms
  ??continue on error
    ??continues processing after a store failure (P1 fix) (1.8435ms)
[scan] found 1 markdown files across 1 workspace(s):
  [scan] [p1-multi-batch-test] C:\Users\admin\AppData\Local\Temp\import-markdown-test-1777792776827\workspace\p1-multi-batch-test\MEMORY.md
[scan] reading: C:\Users\admin\AppData\Local\Temp\import-markdown-test-1777792776827\workspace\p1-multi-batch-test\MEMORY.md
[import] parsed 210 entries from 1 file(s)
[import] dedup check: disabled
[import] 210 entries need embedding (0 dedup hits)
[import] embedded batch 1/21 (10 entries)
[import] bulkStore failed (Error: Simulated transient failure), 10 entries not stored ??restoring for retry
[import] bulkStore failed (Error: Simulated transient failure), 10 entries not stored ??restoring for retry
[import] 10 entries could not be stored after 0 bulkStore calls
[import] embedded batch 2/21 (10 entries)
[import] stored batch 1 (10 entries, total: 10)
[import] embedded batch 3/21 (10 entries)
[import] stored batch 2 (10 entries, total: 20)
[import] embedded batch 4/21 (10 entries)
[import] stored batch 3 (10 entries, total: 30)
[import] embedded batch 5/21 (10 entries)
[import] stored batch 4 (10 entries, total: 40)
[import] embedded batch 6/21 (10 entries)
[import] stored batch 5 (10 entries, total: 50)
[import] embedded batch 7/21 (10 entries)
[import] stored batch 6 (10 entries, total: 60)
[import] embedded batch 8/21 (10 entries)
[import] stored batch 7 (10 entries, total: 70)
[import] embedded batch 9/21 (10 entries)
[import] stored batch 8 (10 entries, total: 80)
[import] embedded batch 10/21 (10 entries)
[import] stored batch 9 (10 entries, total: 90)
[import] embedded batch 11/21 (10 entries)
[import] stored batch 10 (10 entries, total: 100)
[import] embedded batch 12/21 (10 entries)
[import] stored batch 11 (10 entries, total: 110)
[import] embedded batch 13/21 (10 entries)
[import] stored batch 12 (10 entries, total: 120)
[import] embedded batch 14/21 (10 entries)
[import] stored batch 13 (10 entries, total: 130)
[import] embedded batch 15/21 (10 entries)
[import] stored batch 14 (10 entries, total: 140)
[import] embedded batch 16/21 (10 entries)
[import] stored batch 15 (10 entries, total: 150)
[import] embedded batch 17/21 (10 entries)
[import] stored batch 16 (10 entries, total: 160)
[import] embedded batch 18/21 (10 entries)
[import] stored batch 17 (10 entries, total: 170)
[import] embedded batch 19/21 (10 entries)
[import] stored batch 18 (10 entries, total: 180)
[import] embedded batch 20/21 (10 entries)
[import] stored batch 19 (10 entries, total: 190)
[import] stored batch 20 (10 entries, total: 200)

Memory Import Status:
??Files found: 1
??Entries processed: 200
??Imported: 200
??Errors: 30
??Embed batches: 21
??bulkStore calls: 20
??Elapsed: 3ms
    ??bulkStore failure on non-last batch continues to remaining batches (4.0291ms)
  ??continue on error (6.003ms)
[scan] found 1 markdown files across 1 workspace(s):
  [scan] [batch-embed-test] C:\Users\admin\AppData\Local\Temp\import-markdown-test-1777792776827\workspace\batch-embed-test\MEMORY.md
[scan] reading: C:\Users\admin\AppData\Local\Temp\import-markdown-test-1777792776827\workspace\batch-embed-test\MEMORY.md
[import] parsed 3 entries from 1 file(s)
[import] dedup check: disabled
[import] 3 entries need embedding (0 dedup hits)
[import] embedded batch 1/2 (2 entries)
[import] stored batch 1 (2 entries, total: 2)
[import] stored batch 2 (1 entries, total: 3)

Memory Import Status:
??Files found: 1
??Entries processed: 3
??Imported: 3
??Embed batches: 2
??bulkStore calls: 2
??Elapsed: 0ms
  ??batch pipeline (Phase 2b)
    ??calls embedBatchPassage (not embedPassage) for each batch (2.2752ms)
[scan] found 1 markdown files across 1 workspace(s):
  [scan] [bulkstore-flush-test] C:\Users\admin\AppData\Local\Temp\bulkstore-iso-test-1777792776987\workspace\bulkstore-flush-test\memory\2026-01-01.md
[scan] reading: C:\Users\admin\AppData\Local\Temp\bulkstore-iso-test-1777792776987\workspace\bulkstore-flush-test\memory\2026-01-01.md
[import] parsed 3 entries from 1 file(s)
[import] dedup check: disabled
[import] 3 entries need embedding (0 dedup hits)
[import] embedded batch 1/3 (1 entries)
[import] stored batch 1 (1 entries, total: 1)
[import] embedded batch 2/3 (1 entries)
[import] stored batch 2 (1 entries, total: 2)
[import] stored batch 3 (1 entries, total: 3)

Memory Import Status:
??Files found: 1
??Entries processed: 3
??Imported: 3
??Embed batches: 3
??bulkStore calls: 3
??Elapsed: 0ms
    ??calls bulkStore (verified via imported count) when dedup is disabled (2.6085ms)
[scan] found 1 markdown files across 1 workspace(s):
  [scan] [return-fields-test] C:\Users\admin\AppData\Local\Temp\import-markdown-test-1777792776827\workspace\return-fields-test\MEMORY.md
[scan] reading: C:\Users\admin\AppData\Local\Temp\import-markdown-test-1777792776827\workspace\return-fields-test\MEMORY.md
[import] parsed 3 entries from 1 file(s)
[import] dedup check: disabled
[import] 3 entries need embedding (0 dedup hits)
[import] stored batch 1 (3 entries, total: 3)

Memory Import Status:
??Files found: 1
??Entries processed: 3
??Imported: 3
??Embed batches: 1
??bulkStore calls: 1
??Elapsed: 0ms
    ??returns correct skippedShort, skippedDedup, errorCount, elapsedMs fields (1.9367ms)
  ??batch pipeline (Phase 2b) (6.9663ms)
[scan] found 1 markdown files across 1 workspace(s):
  [scan] [skipped-fields-test] C:\Users\admin\AppData\Local\Temp\import-markdown-test-1777792776827\workspace\skipped-fields-test\MEMORY.md
[scan] reading: C:\Users\admin\AppData\Local\Temp\import-markdown-test-1777792776827\workspace\skipped-fields-test\MEMORY.md
[import] parsed 2 entries from 1 file(s)
[import] dedup check: enabled
  [skip] dedup [skipped-fields-test]: Existing entry
[import] 1 entries need embedding (1 dedup hits)
[import] stored batch 1 (1 entries, total: 1)

Memory Import Status:
??Files found: 1
??Entries processed: 3
??Imported: 1
??Skipped (too short): 1
??Skipped (dedup): 1
??Embed batches: 1
??bulkStore calls: 1
??Elapsed: 0ms
  ??return fields
    ??returned object includes skippedShort and skippedDedup (1.6826ms)
[scan] found 1 markdown files across 1 workspace(s):
  [scan] [elapsed-test] C:\Users\admin\AppData\Local\Temp\import-markdown-test-1777792776827\workspace\elapsed-test\MEMORY.md
[scan] reading: C:\Users\admin\AppData\Local\Temp\import-markdown-test-1777792776827\workspace\elapsed-test\MEMORY.md
[import] parsed 1 entries from 1 file(s)
[import] dedup check: disabled
[import] 1 entries need embedding (0 dedup hits)
[import] stored batch 1 (1 entries, total: 1)

Memory Import Status:
??Files found: 1
??Entries processed: 1
??Imported: 1
??Embed batches: 1
??bulkStore calls: 1
??Elapsed: 0ms
    ??elapsedMs reflects actual execution time (2.1972ms)
  ??return fields (4.0052ms)
[scan] found 1 markdown files across 1 workspace(s):
  [scan] [agent-main] C:\Users\admin\AppData\Local\Temp\import-markdown-flat-scope-test-1777792776996\workspace\memory\2026-04-10.md
[scan] reading: C:\Users\admin\AppData\Local\Temp\import-markdown-flat-scope-test-1777792776996\workspace\memory\2026-04-10.md
[import] parsed 1 entries from 1 file(s)
[import] dedup check: disabled
[import] 1 entries need embedding (0 dedup hits)
[import] stored batch 1 (1 entries, total: 1)

Memory Import Status:
??Files found: 1
??Entries processed: 1
??Imported: 1
??Embed batches: 1
??bulkStore calls: 1
??Elapsed: 0ms
  ??flat root-memory scope inference
    ??infers scope from openclaw.json agents list for flat workspace/memory/ files (4.4791ms)
[scan] found 1 markdown files across 1 workspace(s):
  [scan] [global] C:\Users\admin\AppData\Local\Temp\import-markdown-flat-scope-test-1777792777000\workspace\memory\2026-04-10.md
[scan] reading: C:\Users\admin\AppData\Local\Temp\import-markdown-flat-scope-test-1777792777000\workspace\memory\2026-04-10.md
[import] parsed 1 entries from 1 file(s)
[import] dedup check: disabled
[import] 1 entries need embedding (0 dedup hits)
[import] stored batch 1 (1 entries, total: 1)

Memory Import Status:
??Files found: 1
??Entries processed: 1
??Imported: 1
??Embed batches: 1
??bulkStore calls: 1
??Elapsed: 0ms
    ??falls back to global scope when no agent workspace matches (3.0458ms)
[scan] found 1 markdown files across 1 workspace(s):
  [scan] [global] C:\Users\admin\AppData\Local\Temp\import-markdown-flat-scope-test-1777792777004\workspace\memory\2026-04-10.md
[scan] reading: C:\Users\admin\AppData\Local\Temp\import-markdown-flat-scope-test-1777792777004\workspace\memory\2026-04-10.md
[import] parsed 1 entries from 1 file(s)
[import] dedup check: disabled
[import] 1 entries need embedding (0 dedup hits)
[import] stored batch 1 (1 entries, total: 1)

Memory Import Status:
??Files found: 1
??Entries processed: 1
??Imported: 1
??Embed batches: 1
??bulkStore calls: 1
??Elapsed: 0ms
    ??falls back to global scope when multiple agents exist (ambiguous) (4.2443ms)
  ??flat root-memory scope inference (11.9454ms)
  ??skip non-file .md entries (0.0264ms)
  ??P1 ??within-batch dedup (Phase 1c)
    ??dedups duplicate text within same batch (first kept, rest skipped) (3.3058ms)
    ??skippedDedup counts ONLY within-batch duplicates, not Phase-2a hits (2.3045ms)
    ??with dedup disabled, within-batch dedup does NOT run (2.0253ms)
    ??three copies of same text: first imported, two skippedDedup (2.0181ms)
  ??P1 ??within-batch dedup (Phase 1c) (9.9391ms)
  ??P2 ??hits.some exact match at position > 0
    ??dedup hits when exact match is at hits[1] (reranked past hits[0]) (2.6844ms)
    ??dedup hits when exact match is at hits[5] (deep reranking) (4.5859ms)
    ??hits.length===0 still imports (empty store) (1.451ms)
  ??P2 ??hits.some exact match at position > 0 (8.9253ms)
  ??P3 ??flushPending final retry on last batch failure
    ??last batch flush fails then recovers on final retry ??all imported (3.1586ms)
    ??all bulkStore attempts fail ??entries logged as error, errorCount incremented (1.7863ms)
    ??partial failure: first flush fails, final retry succeeds, errorCount=0 (1.5046ms)
  ??P3 ??flushPending final retry on last batch failure (6.6364ms)
??import-markdown CLI (201.3991ms)
??tests 33
??suites 17
??pass 23
??fail 10
??cancelled 0
??skipped 0
??todo 0
??duration_ms 279.0652

??failing tests:

test at test\import-markdown\import-markdown.test.mjs:845:5
??dedups duplicate text within same batch (first kept, rest skipped) (3.3058ms)
  AssertionError [ERR_ASSERTION]: Expected values to be strictly equal:
  
  0 !== 2
  
      at TestContext.<anonymous> (file:///C:/Users/admin/.openclaw/workspace-dc-channel--1476866394556465252/memory-lancedb-pro/test/import-markdown/import-markdown.test.mjs:872:14)
      at async Test.run (node:internal/test_runner/test:1113:7)
      at async Promise.all (index 0)
      at async Suite.run (node:internal/test_runner/test:1518:7)
      at async Suite.processPendingSubtests (node:internal/test_runner/test:788:7) {
    generatedMessage: true,
    code: 'ERR_ASSERTION',
    actual: 0,
    expected: 2,
    operator: 'strictEqual',
    diff: 'simple'
  }

test at test\import-markdown\import-markdown.test.mjs:876:5
??skippedDedup counts ONLY within-batch duplicates, not Phase-2a hits (2.3045ms)
  AssertionError [ERR_ASSERTION]: Expected values to be strictly equal:
  
  0 !== 1
  
      at TestContext.<anonymous> (file:///C:/Users/admin/.openclaw/workspace-dc-channel--1476866394556465252/memory-lancedb-pro/test/import-markdown/import-markdown.test.mjs:891:14)
      at async Test.run (node:internal/test_runner/test:1113:7)
      at async Suite.processPendingSubtests (node:internal/test_runner/test:788:7) {
    generatedMessage: true,
    code: 'ERR_ASSERTION',
    actual: 0,
    expected: 1,
    operator: 'strictEqual',
    diff: 'simple'
  }

test at test\import-markdown\import-markdown.test.mjs:896:5
??with dedup disabled, within-batch dedup does NOT run (2.0253ms)
  AssertionError [ERR_ASSERTION]: Expected values to be strictly equal:
  
  0 !== 1
  
      at TestContext.<anonymous> (file:///C:/Users/admin/.openclaw/workspace-dc-channel--1476866394556465252/memory-lancedb-pro/test/import-markdown/import-markdown.test.mjs:913:14)
      at async Test.run (node:internal/test_runner/test:1113:7)
      at async Suite.processPendingSubtests (node:internal/test_runner/test:788:7) {
    generatedMessage: true,
    code: 'ERR_ASSERTION',
    actual: 0,
    expected: 1,
    operator: 'strictEqual',
    diff: 'simple'
  }

test at test\import-markdown\import-markdown.test.mjs:917:5
??three copies of same text: first imported, two skippedDedup (2.0181ms)
  AssertionError [ERR_ASSERTION]: Expected values to be strictly equal:
  
  0 !== 1
  
      at TestContext.<anonymous> (file:///C:/Users/admin/.openclaw/workspace-dc-channel--1476866394556465252/memory-lancedb-pro/test/import-markdown/import-markdown.test.mjs:931:14)
      at async Test.run (node:internal/test_runner/test:1113:7)
      at async Suite.processPendingSubtests (node:internal/test_runner/test:788:7) {
    generatedMessage: true,
    code: 'ERR_ASSERTION',
    actual: 0,
    expected: 1,
    operator: 'strictEqual',
    diff: 'simple'
  }

test at test\import-markdown\import-markdown.test.mjs:951:5
??dedup hits when exact match is at hits[1] (reranked past hits[0]) (2.6844ms)
  AssertionError [ERR_ASSERTION]: Expected values to be strictly equal:
  
  0 !== 1
  
      at TestContext.<anonymous> (file:///C:/Users/admin/.openclaw/workspace-dc-channel--1476866394556465252/memory-lancedb-pro/test/import-markdown/import-markdown.test.mjs:977:14)
      at async Test.run (node:internal/test_runner/test:1113:7)
      at async Promise.all (index 0)
      at async Suite.run (node:internal/test_runner/test:1518:7)
      at async Suite.processPendingSubtests (node:internal/test_runner/test:788:7) {
    generatedMessage: true,
    code: 'ERR_ASSERTION',
    actual: 0,
    expected: 1,
    operator: 'strictEqual',
    diff: 'simple'
  }

test at test\import-markdown\import-markdown.test.mjs:982:5
??dedup hits when exact match is at hits[5] (deep reranking) (4.5859ms)
  AssertionError [ERR_ASSERTION]: hits.some should find exact match at hits[5] (lexically last)
  
  0 !== 1
  
      at TestContext.<anonymous> (file:///C:/Users/admin/.openclaw/workspace-dc-channel--1476866394556465252/memory-lancedb-pro/test/import-markdown/import-markdown.test.mjs:1016:14)
      at async Test.run (node:internal/test_runner/test:1113:7)
      at async Suite.processPendingSubtests (node:internal/test_runner/test:788:7) {
    generatedMessage: false,
    code: 'ERR_ASSERTION',
    actual: 0,
    expected: 1,
    operator: 'strictEqual',
    diff: 'simple'
  }

test at test\import-markdown\import-markdown.test.mjs:1021:5
??hits.length===0 still imports (empty store) (1.451ms)
  AssertionError [ERR_ASSERTION]: Expected values to be strictly equal:
  
  0 !== 1
  
      at TestContext.<anonymous> (file:///C:/Users/admin/.openclaw/workspace-dc-channel--1476866394556465252/memory-lancedb-pro/test/import-markdown/import-markdown.test.mjs:1031:14)
      at async Test.run (node:internal/test_runner/test:1113:7)
      at async Suite.processPendingSubtests (node:internal/test_runner/test:788:7) {
    generatedMessage: true,
    code: 'ERR_ASSERTION',
    actual: 0,
    expected: 1,
    operator: 'strictEqual',
    diff: 'simple'
  }

test at test\import-markdown\import-markdown.test.mjs:1041:5
??last batch flush fails then recovers on final retry ??all imported (3.1586ms)
  AssertionError [ERR_ASSERTION]: bulkStore should have been called
      at TestContext.<anonymous> (file:///C:/Users/admin/.openclaw/workspace-dc-channel--1476866394556465252/memory-lancedb-pro/test/import-markdown/import-markdown.test.mjs:1074:14)
      at async Test.run (node:internal/test_runner/test:1113:7)
      at async Promise.all (index 0)
      at async Suite.run (node:internal/test_runner/test:1518:7)
      at async Suite.processPendingSubtests (node:internal/test_runner/test:788:7) {
    generatedMessage: false,
    code: 'ERR_ASSERTION',
    actual: false,
    expected: true,
    operator: '==',
    diff: 'simple'
  }

test at test\import-markdown\import-markdown.test.mjs:1081:5
??all bulkStore attempts fail ??entries logged as error, errorCount incremented (1.7863ms)
  AssertionError [ERR_ASSERTION]: errorCount must be > 0 when all flushes fail
      at TestContext.<anonymous> (file:///C:/Users/admin/.openclaw/workspace-dc-channel--1476866394556465252/memory-lancedb-pro/test/import-markdown/import-markdown.test.mjs:1105:14)
      at async Test.run (node:internal/test_runner/test:1113:7)
      at async Suite.processPendingSubtests (node:internal/test_runner/test:788:7) {
    generatedMessage: false,
    code: 'ERR_ASSERTION',
    actual: false,
    expected: true,
    operator: '==',
    diff: 'simple'
  }

test at test\import-markdown\import-markdown.test.mjs:1114:5
??partial failure: first flush fails, final retry succeeds, errorCount=0 (1.5046ms)
  AssertionError [ERR_ASSERTION]: All entries imported after transient failures resolved
  
  0 !== 205
  
      at TestContext.<anonymous> (file:///C:/Users/admin/.openclaw/workspace-dc-channel--1476866394556465252/memory-lancedb-pro/test/import-markdown/import-markdown.test.mjs:1139:14)
      at async Test.run (node:internal/test_runner/test:1113:7)
      at async Suite.processPendingSubtests (node:internal/test_runner/test:788:7) {
    generatedMessage: false,
    code: 'ERR_ASSERTION',
    actual: 0,
    expected: 205,
    operator: 'strictEqual',
    diff: 'simple'
  }
